[azim.commonsupport.com/Clasifico/index-2.html]
[backblue.gif]
[fade.gif]
[index.html]
[azim.commonsupport.com/Clasifico/assets/images/favicon.ico]
[azim.commonsupport.com/Clasifico/assets/css/flaticon.css]
[azim.commonsupport.com/Clasifico/assets/css/font-awesome-all.css]
[azim.commonsupport.com/Clasifico/assets/css/owl.css]
[azim.commonsupport.com/Clasifico/assets/css/jquery.fancybox.min.css]
[azim.commonsupport.com/Clasifico/assets/css/bootstrap.css]
[azim.commonsupport.com/Clasifico/assets/css/animate.css]
[azim.commonsupport.com/Clasifico/assets/css/nice-select.css]
[azim.commonsupport.com/Clasifico/assets/css/color.css]
[azim.commonsupport.com/Clasifico/assets/css/responsive.css]
[azim.commonsupport.com/Clasifico/assets/css/style.css]
[azim.commonsupport.com/Clasifico/index.html]
[azim.commonsupport.com/Clasifico/assets/images/logo-2.png]
[azim.commonsupport.com/Clasifico/index-3.html]
[azim.commonsupport.com/Clasifico/index-4.html]
[azim.commonsupport.com/Clasifico/index-5.html]
[azim.commonsupport.com/Clasifico/index-6.html]
[azim.commonsupport.com/Clasifico/index-onepage.html]
[azim.commonsupport.com/Clasifico/index-rtl.html]
[azim.commonsupport.com/Clasifico/category.html]
[azim.commonsupport.com/Clasifico/category-details.html]
[azim.commonsupport.com/Clasifico/browse-ads-1.html]
[azim.commonsupport.com/Clasifico/browse-ads-2.html]
[azim.commonsupport.com/Clasifico/browse-ads-3.html]
[azim.commonsupport.com/Clasifico/browse-ads-4.html]
[azim.commonsupport.com/Clasifico/browse-ads-details.html]
[azim.commonsupport.com/Clasifico/about.html]
[azim.commonsupport.com/Clasifico/stores.html]
[azim.commonsupport.com/Clasifico/stores-details.html]
[azim.commonsupport.com/Clasifico/faq.html]
[azim.commonsupport.com/Clasifico/pricing.html]
[azim.commonsupport.com/Clasifico/login.html]
[azim.commonsupport.com/Clasifico/signup.html]
[azim.commonsupport.com/Clasifico/contact.html]
[azim.commonsupport.com/Clasifico/error.html]
[azim.commonsupport.com/Clasifico/about-element.html]
[azim.commonsupport.com/Clasifico/category-element-1.html]
[azim.commonsupport.com/Clasifico/category-element-2.html]
[azim.commonsupport.com/Clasifico/category-element-3.html]
[azim.commonsupport.com/Clasifico/place-element-1.html]
[azim.commonsupport.com/Clasifico/place-element-2.html]
[azim.commonsupport.com/Clasifico/news-element-1.html]
[azim.commonsupport.com/Clasifico/news-element-2.html]
[azim.commonsupport.com/Clasifico/feature-element-1.html]
[azim.commonsupport.com/Clasifico/feature-element-2.html]
[azim.commonsupport.com/Clasifico/Process-element-1.html]
[azim.commonsupport.com/Clasifico/Process-element-2.html]
[azim.commonsupport.com/Clasifico/testimonial-element.html]
[azim.commonsupport.com/Clasifico/clients-element.html]
[azim.commonsupport.com/Clasifico/newsletter-element.html]
[azim.commonsupport.com/Clasifico/chooseus-element.html]
[azim.commonsupport.com/Clasifico/blog.html]
[azim.commonsupport.com/Clasifico/blog-2.html]
[azim.commonsupport.com/Clasifico/blog-details.html]
[azim.commonsupport.com/Clasifico/assets/images/logo.png]
[azim.commonsupport.com/Clasifico/assets/images/banner/banner-2.jpg]
[azim.commonsupport.com/Clasifico/assets/images/shape/shape-10.png]
[azim.commonsupport.com/Clasifico/assets/images/shape/shape-1.png]
[azim.commonsupport.com/Clasifico/assets/images/shape/shape-2.png]
[azim.commonsupport.com/Clasifico/assets/images/resource/feature-7.jpg]
[azim.commonsupport.com/Clasifico/assets/images/resource/feature-8.jpg]
[azim.commonsupport.com/Clasifico/assets/images/resource/feature-9.jpg]
[azim.commonsupport.com/Clasifico/assets/images/resource/feature-10.jpg]
[azim.commonsupport.com/Clasifico/assets/images/resource/feature-11.jpg]
[azim.commonsupport.com/Clasifico/assets/images/resource/feature-12.jpg]
[azim.commonsupport.com/Clasifico/assets/images/resource/feature-13.jpg]
[azim.commonsupport.com/Clasifico/assets/images/resource/feature-14.jpg]
[azim.commonsupport.com/Clasifico/assets/images/icons/anim-icon-1.png]
[azim.commonsupport.com/Clasifico/assets/images/icons/anim-icon-2.png]
[azim.commonsupport.com/Clasifico/assets/images/shape/shape-4.png]
[azim.commonsupport.com/Clasifico/assets/images/shape/shape-11.png]
[azim.commonsupport.com/Clasifico/assets/images/resource/chooseus-1.png]
[azim.commonsupport.com/Clasifico/assets/images/resource/place-1.jpg]
[azim.commonsupport.com/Clasifico/assets/images/resource/place-2.jpg]
[azim.commonsupport.com/Clasifico/assets/images/resource/place-3.jpg]
[azim.commonsupport.com/Clasifico/assets/images/resource/place-4.jpg]
[azim.commonsupport.com/Clasifico/assets/images/resource/place-5.jpg]
[azim.commonsupport.com/Clasifico/assets/images/shape/shape-8.png]
[azim.commonsupport.com/Clasifico/assets/images/resource/laptop-1.png]
[azim.commonsupport.com/Clasifico/assets/images/resource/ball-1.png]
[azim.commonsupport.com/Clasifico/assets/images/news/news-1.jpg]
[azim.commonsupport.com/Clasifico/assets/images/news/admin-1.png]
[azim.commonsupport.com/Clasifico/assets/images/news/news-2.jpg]
[azim.commonsupport.com/Clasifico/assets/images/news/admin-2.png]
[azim.commonsupport.com/Clasifico/assets/images/news/news-3.jpg]
[azim.commonsupport.com/Clasifico/assets/images/news/admin-3.png]
[azim.commonsupport.com/Clasifico/assets/images/shape/shape-9.png]
[azim.commonsupport.com/Clasifico/assets/images/background/footer-1.jpg]
[azim.commonsupport.com/Clasifico/assets/images/footer-logo.png]
[azim.commonsupport.com/Clasifico/assets/images/resource/footer-post-1.jpg]
[azim.commonsupport.com/Clasifico/assets/images/resource/footer-post-2.jpg]
[azim.commonsupport.com/Clasifico/assets/js/popper.min.js]
[azim.commonsupport.com/Clasifico/assets/js/jquery.js]
[azim.commonsupport.com/Clasifico/assets/js/bootstrap.min.js]
[azim.commonsupport.com/Clasifico/assets/js/owl.js]
[azim.commonsupport.com/Clasifico/assets/js/wow.js]
[azim.commonsupport.com/Clasifico/assets/js/jquery.fancybox.js]
[azim.commonsupport.com/Clasifico/assets/js/validation.js]
[azim.commonsupport.com/Clasifico/assets/js/appear.js]
[azim.commonsupport.com/Clasifico/assets/js/scrollbar.js]
[azim.commonsupport.com/Clasifico/assets/js/jquery.nice-select.min.js]
[azim.commonsupport.com/Clasifico/index-2.html]
[azim.commonsupport.com/Clasifico/assets/js/script.js]
[azim.commonsupport.com/Clasifico/assets/fonts/fa-brands-400.eot]
[azim.commonsupport.com/Clasifico/assets/fonts/fa-brands-400.woff2]
[azim.commonsupport.com/Clasifico/assets/fonts/fa-brands-400d41d.eot]
[azim.commonsupport.com/Clasifico/assets/fonts/fa-brands-400.woff]
[azim.commonsupport.com/Clasifico/assets/fonts/fa-brands-400.ttf]
[azim.commonsupport.com/Clasifico/assets/fonts/fa-brands-400.svg]
[azim.commonsupport.com/Clasifico/assets/fonts/fa-light-300d41d.eot]
[azim.commonsupport.com/Clasifico/assets/fonts/fa-light-300.woff2]
[azim.commonsupport.com/Clasifico/assets/fonts/fa-light-300.eot]
[azim.commonsupport.com/Clasifico/assets/fonts/fa-light-300.woff]
[azim.commonsupport.com/Clasifico/assets/fonts/fa-light-300.ttf]
[azim.commonsupport.com/Clasifico/assets/fonts/fa-regular-400.eot]
[azim.commonsupport.com/Clasifico/assets/fonts/fa-light-300.svg]
[azim.commonsupport.com/Clasifico/assets/fonts/fa-regular-400d41d.eot]
[azim.commonsupport.com/Clasifico/assets/fonts/fa-regular-400.woff2]
[azim.commonsupport.com/Clasifico/assets/fonts/fa-regular-400.woff]
[azim.commonsupport.com/Clasifico/assets/fonts/fa-regular-400.ttf]
[azim.commonsupport.com/Clasifico/assets/fonts/fa-solid-900.eot]
[azim.commonsupport.com/Clasifico/assets/fonts/fa-solid-900.woff2]
[azim.commonsupport.com/Clasifico/assets/fonts/fa-solid-900d41d.eot]
[azim.commonsupport.com/Clasifico/assets/fonts/fa-regular-400.svg]
[azim.commonsupport.com/Clasifico/assets/fonts/fa-solid-900.woff]
[azim.commonsupport.com/Clasifico/assets/css/font-awesome-all.css]
[azim.commonsupport.com/Clasifico/assets/fonts/fa-solid-900.ttf]
[azim.commonsupport.com/Clasifico/assets/fonts/fa-solid-900.svg]
[azim.commonsupport.com/Clasifico/assets/fonts/icomoona86e.eot]
[azim.commonsupport.com/Clasifico/assets/fonts/icomoona86e.ttf]
[azim.commonsupport.com/Clasifico/assets/fonts/icomoona86e.woff]
[azim.commonsupport.com/Clasifico/assets/css/flaticon.css]
[azim.commonsupport.com/Clasifico/assets/fonts/icomoona86e.svg]
[azim.commonsupport.com/Clasifico/assets/css/owl.css]
[azim.commonsupport.com/Clasifico/assets/css/bootstrap.css]
[azim.commonsupport.com/Clasifico/assets/css/jquery.fancybox.min.css]
[azim.commonsupport.com/Clasifico/assets/css/animate.css]
[azim.commonsupport.com/Clasifico/assets/css/nice-select.css]
[azim.commonsupport.com/Clasifico/assets/css/color.css]
[azim.commonsupport.com/Clasifico/assets/images/icons/preloader.svg]
[azim.commonsupport.com/Clasifico/assets/css/style.css]
[azim.commonsupport.com/Clasifico/assets/css/responsive.css]
[azim.commonsupport.com/Clasifico/assets/images/banner/banner-1.jpg]
[azim.commonsupport.com/Clasifico/assets/images/shape/shape-3.png]
[azim.commonsupport.com/Clasifico/assets/images/resource/feature-1.jpg]
[azim.commonsupport.com/Clasifico/assets/images/resource/author-1.png]
[azim.commonsupport.com/Clasifico/assets/images/resource/feature-2.jpg]
[azim.commonsupport.com/Clasifico/assets/images/resource/author-2.png]
[azim.commonsupport.com/Clasifico/assets/images/resource/feature-3.jpg]
[azim.commonsupport.com/Clasifico/assets/images/resource/author-3.png]
[azim.commonsupport.com/Clasifico/assets/images/resource/testimonial-image-1.png]
[azim.commonsupport.com/Clasifico/assets/images/shape/shape-5.png]
[azim.commonsupport.com/Clasifico/assets/images/shape/shape-6.png]
[azim.commonsupport.com/Clasifico/assets/images/resource/testimonial-1.png]
[azim.commonsupport.com/Clasifico/assets/images/resource/feature-4.jpg]
[azim.commonsupport.com/Clasifico/assets/images/resource/author-4.png]
[azim.commonsupport.com/Clasifico/assets/images/resource/feature-5.jpg]
[azim.commonsupport.com/Clasifico/assets/images/resource/author-5.png]
[azim.commonsupport.com/Clasifico/assets/images/resource/feature-6.jpg]
[azim.commonsupport.com/Clasifico/assets/images/resource/author-6.png]
[azim.commonsupport.com/Clasifico/assets/images/shape/shape-7.png]
[azim.commonsupport.com/Clasifico/assets/images/clients/clients-1.png]
[azim.commonsupport.com/Clasifico/assets/images/clients/clients-2.png]
[azim.commonsupport.com/Clasifico/assets/images/clients/clients-3.png]
[azim.commonsupport.com/Clasifico/assets/images/clients/clients-4.png]
[azim.commonsupport.com/Clasifico/assets/images/clients/clients-5.png]
[azim.commonsupport.com/Clasifico/index.html]
[azim.commonsupport.com/Clasifico/assets/images/banner/banner-3.jpg]
[azim.commonsupport.com/Clasifico/assets/images/shape/shape-12.png]
[azim.commonsupport.com/Clasifico/assets/images/resource/feature-15.jpg]
[azim.commonsupport.com/Clasifico/assets/images/resource/feature-16.jpg]
[azim.commonsupport.com/Clasifico/assets/images/resource/feature-17.jpg]
[azim.commonsupport.com/Clasifico/assets/images/resource/feature-18.jpg]
[azim.commonsupport.com/Clasifico/index-3.html]
[azim.commonsupport.com/Clasifico/assets/images/banner/banner-4.jpg]
[azim.commonsupport.com/Clasifico/assets/images/shape/shape-13.png]
[azim.commonsupport.com/Clasifico/assets/images/resource/category-1.jpg]
[azim.commonsupport.com/Clasifico/assets/images/resource/category-2.jpg]
[azim.commonsupport.com/Clasifico/assets/images/resource/category-3.jpg]
[azim.commonsupport.com/Clasifico/assets/images/resource/category-4.jpg]
[azim.commonsupport.com/Clasifico/assets/images/resource/category-5.jpg]
[azim.commonsupport.com/Clasifico/assets/images/resource/category-6.jpg]
[azim.commonsupport.com/Clasifico/assets/images/resource/category-7.jpg]
[azim.commonsupport.com/Clasifico/assets/images/resource/category-8.jpg]
[azim.commonsupport.com/Clasifico/index-4.html]
[azim.commonsupport.com/Clasifico/assets/images/banner/banner-5.jpg]
[azim.commonsupport.com/Clasifico/index-5.html]
[azim.commonsupport.com/Clasifico/assets/images/shape/shape-14.png]
[azim.commonsupport.com/Clasifico/assets/images/shape/shape-15.png]
[azim.commonsupport.com/Clasifico/assets/images/background/chooseus-1.jpg]
[azim.commonsupport.com/Clasifico/assets/images/resource/place-6.jpg]
[azim.commonsupport.com/Clasifico/assets/images/resource/place-7.jpg]
[azim.commonsupport.com/Clasifico/assets/images/resource/place-8.jpg]
[azim.commonsupport.com/Clasifico/assets/images/resource/place-9.jpg]
[azim.commonsupport.com/Clasifico/assets/images/resource/place-10.jpg]
[azim.commonsupport.com/Clasifico/index-6.html]
[azim.commonsupport.com/Clasifico/index-onepage.html]
[azim.commonsupport.com/Clasifico/assets/js/pagenav.js]
[azim.commonsupport.com/Clasifico/assets/css/rtl.css]
[azim.commonsupport.com/Clasifico/index-rtl.html]
[azim.commonsupport.com/Clasifico/assets/images/background/page-title.jpg]
[azim.commonsupport.com/Clasifico/category.html]
[azim.commonsupport.com/Clasifico/assets/js/product-filter.js]
[azim.commonsupport.com/Clasifico/category-details.html]
[azim.commonsupport.com/Clasifico/assets/images/resource/feature-19.jpg]
[azim.commonsupport.com/Clasifico/browse-ads-1.html]
[azim.commonsupport.com/Clasifico/browse-ads-2.html]
[azim.commonsupport.com/Clasifico/browse-ads-3.html]
[azim.commonsupport.com/Clasifico/browse-ads-4.html]
[azim.commonsupport.com/Clasifico/assets/images/background/page-title-2.jpg]
[azim.commonsupport.com/Clasifico/assets/images/resource/admin-1.png]
[azim.commonsupport.com/Clasifico/assets/images/resource/add-single-1.jpg]
[azim.commonsupport.com/Clasifico/assets/images/resource/single-thumb-1.jpg]
[azim.commonsupport.com/Clasifico/assets/images/resource/single-thumb-2.jpg]
[azim.commonsupport.com/Clasifico/assets/images/resource/single-thumb-3.jpg]
[azim.commonsupport.com/Clasifico/assets/images/resource/single-thumb-4.jpg]
[azim.commonsupport.com/Clasifico/assets/images/resource/single-thumb-5.jpg]
[azim.commonsupport.com/Clasifico/assets/images/resource/add-single-2.jpg]
[azim.commonsupport.com/Clasifico/assets/images/resource/add-single-3.jpg]
[azim.commonsupport.com/Clasifico/assets/images/resource/add-single-4.jpg]
[azim.commonsupport.com/Clasifico/assets/images/resource/add-single-5.jpg]
[azim.commonsupport.com/Clasifico/browse-ads-details.html]
[azim.commonsupport.com/Clasifico/assets/js/bxslider.js]
[azim.commonsupport.com/Clasifico/assets/images/shape/shape-16.png]
[azim.commonsupport.com/Clasifico/assets/images/resource/about-1.jpg]
[azim.commonsupport.com/Clasifico/assets/images/shape/shape-17.png]
[azim.commonsupport.com/Clasifico/about.html]
[azim.commonsupport.com/Clasifico/assets/images/icons/stores-1.png]
[azim.commonsupport.com/Clasifico/assets/images/icons/stores-2.png]
[azim.commonsupport.com/Clasifico/assets/images/icons/stores-3.png]
[azim.commonsupport.com/Clasifico/assets/images/icons/stores-4.png]
[azim.commonsupport.com/Clasifico/assets/images/icons/stores-5.png]
[azim.commonsupport.com/Clasifico/assets/images/icons/stores-6.png]
[azim.commonsupport.com/Clasifico/stores.html]
[azim.commonsupport.com/Clasifico/stores-details.html]
[azim.commonsupport.com/Clasifico/faq.html]
[azim.commonsupport.com/Clasifico/pricing.html]
[azim.commonsupport.com/Clasifico/login.html]
[azim.commonsupport.com/Clasifico/signup.html]
[azim.commonsupport.com/Clasifico/contact.html]
[azim.commonsupport.com/Clasifico/error.html]
[azim.commonsupport.com/Clasifico/about-element.html]
[azim.commonsupport.com/Clasifico/category-element-1.html]
[azim.commonsupport.com/Clasifico/category-element-2.html]
[azim.commonsupport.com/Clasifico/category-element-3.html]
[azim.commonsupport.com/Clasifico/place-element-1.html]
[azim.commonsupport.com/Clasifico/place-element-2.html]
[azim.commonsupport.com/Clasifico/news-element-1.html]
[azim.commonsupport.com/Clasifico/news-element-2.html]
[azim.commonsupport.com/Clasifico/feature-element-1.html]
[azim.commonsupport.com/Clasifico/feature-element-2.html]
[azim.commonsupport.com/Clasifico/Process-element-1.html]
[azim.commonsupport.com/Clasifico/Process-element-2.html]
[azim.commonsupport.com/Clasifico/testimonial-element.html]
[azim.commonsupport.com/Clasifico/clients-element.html]
[azim.commonsupport.com/Clasifico/newsletter-element.html]
[azim.commonsupport.com/Clasifico/chooseus-element.html]
[azim.commonsupport.com/Clasifico/assets/images/news/news-4.jpg]
[azim.commonsupport.com/Clasifico/assets/images/news/admin-4.png]
[azim.commonsupport.com/Clasifico/assets/images/news/news-5.jpg]
[azim.commonsupport.com/Clasifico/assets/images/news/admin-5.png]
[azim.commonsupport.com/Clasifico/assets/images/news/news-6.jpg]
[azim.commonsupport.com/Clasifico/assets/images/news/admin-6.png]
[azim.commonsupport.com/Clasifico/assets/images/news/news-7.jpg]
[azim.commonsupport.com/Clasifico/assets/images/news/admin-7.png]
[azim.commonsupport.com/Clasifico/assets/images/news/news-8.jpg]
[azim.commonsupport.com/Clasifico/assets/images/news/admin-8.png]
[azim.commonsupport.com/Clasifico/assets/images/news/news-9.jpg]
[azim.commonsupport.com/Clasifico/assets/images/news/admin-9.png]
[azim.commonsupport.com/Clasifico/assets/images/news/news-10.jpg]
[azim.commonsupport.com/Clasifico/assets/images/news/admin-10.png]
[azim.commonsupport.com/Clasifico/assets/images/news/post-1.jpg]
[azim.commonsupport.com/Clasifico/assets/images/news/post-2.jpg]
[azim.commonsupport.com/Clasifico/assets/images/news/post-3.jpg]
[azim.commonsupport.com/Clasifico/blog.html]
[azim.commonsupport.com/Clasifico/assets/images/news/news-11.jpg]
[azim.commonsupport.com/Clasifico/assets/images/news/news-12.jpg]
[azim.commonsupport.com/Clasifico/assets/images/news/news-13.jpg]
[azim.commonsupport.com/Clasifico/assets/images/news/news-14.jpg]
[azim.commonsupport.com/Clasifico/assets/images/news/news-15.jpg]
[azim.commonsupport.com/Clasifico/blog-2.html]
[azim.commonsupport.com/Clasifico/assets/images/news/news-16.jpg]
[azim.commonsupport.com/Clasifico/assets/images/news/comment-1.png]
[azim.commonsupport.com/Clasifico/assets/images/news/comment-2.png]
[azim.commonsupport.com/Clasifico/assets/images/news/comment-3.png]
[azim.commonsupport.com/Clasifico/blog-details.html]
[azim.commonsupport.com/Clasifico/assets/fonts/fa-brands-400.svg]
[azim.commonsupport.com/Clasifico/assets/fonts/fa-light-300.svg]
[azim.commonsupport.com/Clasifico/assets/fonts/fa-regular-400.svg]
[azim.commonsupport.com/Clasifico/assets/fonts/fa-solid-900.svg]
[azim.commonsupport.com/Clasifico/assets/fonts/icomoona86e.svg]
[azim.commonsupport.com/Clasifico/assets/css/owl.video.play.html]
[azim.commonsupport.com/Clasifico/assets/images/icons/preloader.svg]
[azim.commonsupport.com/Clasifico/assets/css/rtl.css]
[azim.commonsupport.com/Clasifico/browse-add-details.html]
